9999999998888888888887777777776666666666555555554444444443333333333222222222111111111111111101010101010101010
